
which git
git config --list
git config --global user.name "S. Gokhan Topcu"
git config --global user.email "gtopcu@gmail.com"

git config --global credential.helper cache
git config --global credential.helper 'store --file ~/.my-credentials'

---

```
git init
git add README.md
git commit -m "first commit"
git branch -M main
git remote add origin git@github.com:gtopcu/testdockerrepo.git
git push -u origin main
```

---

Configure SSH Keys for GitHub
https://docs.github.com/en/authentication/troubleshooting-ssh/error-permission-denied-publickey
https://docs.github.com/en/authentication/connecting-to-github-with-ssh/generating-a-new-ssh-key-and-adding-it-to-the-ssh-agent
https://docs.github.com/en/authentication/connecting-to-github-with-ssh/adding-a-new-ssh-key-to-your-github-account

!!! chown must be hukanege for public  & private key & config, not root!
!!! ~ install into /var/root for all users
# list all SSH keys
$ ls -al /Users/hukanege/.ssh
# start the ssh-agent in the background
$ eval "$(ssh-agent -s)"
> Agent pid 59566
$ ssh-add -l -E sha256
> 2048 SHA256:274ffWxgaxq/tSINAykStUL7XWyRNcRTlcST1Ei7gBQ /Users/hukanege/.ssh/id_rsa (RSA)

# if key value doesn't exist:
$ ssh-keygen -t ed25519 -C "gtopcu@gmail.com"
$ open /Users/hukanege/.ssh/config

# if config doesn't exist:
$ touch /Users/hukanege/.ssh/config
Host *
  AddKeysToAgent yes
  UseKeychain yes
  IdentityFile /Users/hukanege/.ssh/id_ed25519
$ ssh-add --apple-use-keychain /Users/hukanege/.ssh/id_ed25519
$ ssh-add -K ~/.ssh/id_ed25519 (for older macs)

# Add new key to GitHub
# Copies the contents of the id_ed25519.pub file to your clipboard
$ pbcopy < /Users/hukanege/.ssh/id_ed25519.pub
# Add key: https://github.com/settings/keys
```

```

```

---

git status
git log

git init
git add readme.txt / git add .
git commit -a -m "initial"
git checkout master / branch / b6d7c45539810e73dbaf4871b05ca2c8c4440a60
git switch -c bugFixBranch
git branch 
git branch featureBranch
git checkout master
git merge featureBranch

git clone https://github.com/hukanege.git
git remote add <name> <url>
git push <name>
git pull <remote> <branch>
git fork
git pull-request


---

Ignoring files
https://www.atlassian.com/git/tutorials/saving-changes/gitignore#git-ignore-patterns
git rm --cached debug.log

Enforcing commit message/format
https://code-maven.com/enforcing-commit-message-format-in-git
